C:\Users\Cyayo\Documents\cyayo draft\Cy Plugin\CyayoItemSeller\src\main\java\id\seria\itemseller\gui\SellGui.java
C:\Users\Cyayo\Documents\cyayo draft\Cy Plugin\CyayoItemSeller\src\main\java\id\seria\itemseller\manager\IntegrationManager.java
C:\Users\Cyayo\Documents\cyayo draft\Cy Plugin\CyayoItemSeller\src\main\java\id\seria\itemseller\config\MenuConfig.java
C:\Users\Cyayo\Documents\cyayo draft\Cy Plugin\CyayoItemSeller\src\main\java\id\seria\itemseller\api\event\SellPreEvent.java
C:\Users\Cyayo\Documents\cyayo draft\Cy Plugin\CyayoItemSeller\src\main\java\id\seria\itemseller\gui\SellListener.java
C:\Users\Cyayo\Documents\cyayo draft\Cy Plugin\CyayoItemSeller\src\main\java\id\seria\itemseller\api\CyayoSellAPI.java
C:\Users\Cyayo\Documents\cyayo draft\Cy Plugin\CyayoItemSeller\src\main\java\id\seria\itemseller\api\event\SellSuccessEvent.java
C:\Users\Cyayo\Documents\cyayo draft\Cy Plugin\CyayoItemSeller\src\main\java\id\seria\itemseller\config\ConfigManager.java
C:\Users\Cyayo\Documents\cyayo draft\Cy Plugin\CyayoItemSeller\src\main\java\id\seria\itemseller\util\ColorUtil.java
C:\Users\Cyayo\Documents\cyayo draft\Cy Plugin\CyayoItemSeller\src\main\java\id\seria\itemseller\ItemSellTabCompleter.java
C:\Users\Cyayo\Documents\cyayo draft\Cy Plugin\CyayoItemSeller\src\main\java\id\seria\itemseller\CyayoSell.java
C:\Users\Cyayo\Documents\cyayo draft\Cy Plugin\CyayoItemSeller\src\main\java\id\seria\itemseller\util\ItemHelper.java
C:\Users\Cyayo\Documents\cyayo draft\Cy Plugin\CyayoItemSeller\src\main\java\id\seria\itemseller\config\ItemPrice.java
C:\Users\Cyayo\Documents\cyayo draft\Cy Plugin\CyayoItemSeller\src\main\java\id\seria\itemseller\api\CyayoSellProvider.java
